flutter : Package file_picker:linux references file_picker:linux as the 
default plugin, but it does not provide an inline implementation.
At line:1 char:79
+ ... hodontic" ; flutter build web --release 2>&1 > build_output.txt ; cat ...
+                 ~~~~~~~~~~~~~~~~~~~~~~~~~~~~~~~~~~~~~~~~~~~~~~~~~~~
    + CategoryInfo          : NotSpecified: (Package file_pi...implementation. 
   :String) [], RemoteException
    + FullyQualifiedErrorId : NativeCommandError
 
Ask the maintainers of file_picker to either avoid referencing a default 
implementation via `platforms: linux: default_package: file_picker` or add an 
inline implementation to file_picker via `platforms: linux:` `pluginClass` or 
`dartPluginClass`.

Package file_picker:macos references file_picker:macos as the default plugin, 
but it does not provide an inline implementation.
Ask the maintainers of file_picker to either avoid referencing a default 
implementation via `platforms: macos: default_package: file_picker` or add an 
inline implementation to file_picker via `platforms: macos:` `pluginClass` or 
`dartPluginClass`.

Package file_picker:windows references file_picker:windows as the default 
plugin, but it does not provide an inline implementation.
Ask the maintainers of file_picker to either avoid referencing a default 
implementation via `platforms: windows: default_package: file_picker` or add 
an inline implementation to file_picker via `platforms: windows:` 
`pluginClass` or `dartPluginClass`.

Package file_picker:linux references file_picker:linux as the default plugin, 
but it does not provide an inline implementation.
Ask the maintainers of file_picker to either avoid referencing a default 
implementation via `platforms: linux: default_package: file_picker` or add an 
inline implementation to file_picker via `platforms: linux:` `pluginClass` or 
`dartPluginClass`.

Package file_picker:macos references file_picker:macos as the default plugin, 
but it does not provide an inline implementation.
Ask the maintainers of file_picker to either avoid referencing a default 
implementation via `platforms: macos: default_package: file_picker` or add an 
inline implementation to file_picker via `platforms: macos:` `pluginClass` or 
`dartPluginClass`.

Package file_picker:windows references file_picker:windows as the default 
plugin, but it does not provide an inline implementation.
Ask the maintainers of file_picker to either avoid referencing a default 
implementation via `platforms: windows: default_package: file_picker` or add 
an inline implementation to file_picker via `platforms: windows:` 
`pluginClass` or `dartPluginClass`.

Package file_picker:linux references file_picker:linux as the default plugin, 
but it does not provide an inline implementation.
Ask the maintainers of file_picker to either avoid referencing a default 
implementation via `platforms: linux: default_package: file_picker` or add an 
inline implementation to file_picker via `platforms: linux:` `pluginClass` or 
`dartPluginClass`.

Package file_picker:macos references file_picker:macos as the default plugin, 
but it does not provide an inline implementation.
Ask the maintainers of file_picker to either avoid referencing a default 
implementation via `platforms: macos: default_package: file_picker` or add an 
inline implementation to file_picker via `platforms: macos:` `pluginClass` or 
`dartPluginClass`.

Package file_picker:windows references file_picker:windows as the default 
plugin, but it does not provide an inline implementation.
Ask the maintainers of file_picker to either avoid referencing a default 
implementation via `platforms: windows: default_package: file_picker` or add 
an inline implementation to file_picker via `platforms: windows:` 
`pluginClass` or `dartPluginClass`.

